// Jest Snapshot v1, https://goo.gl/fbAQLP

exports[`FeedPage FeedPage Snapshot 1`] = `ReactWrapper {}`;
